../Core/Src/systick_timer.c:22:17:GetSysTickTimer_ms	0	static
../Core/Src/systick_timer.c:27:6:clear_wait_ms	0	static
../Core/Src/systick_timer.c:31:6:reset_wait_ms	0	static
../Core/Src/systick_timer.c:35:6:set_wait_ms	0	static
../Core/Src/systick_timer.c:39:9:wait_ms	8	static
../Core/Src/systick_timer.c:64:6:clear_wait_ms_ch	0	static
../Core/Src/systick_timer.c:69:6:reset_wait_ms_ch	0	static
../Core/Src/systick_timer.c:74:6:set_wait_ms_ch	0	static
../Core/Src/systick_timer.c:79:9:wait_ms_ch	8	static
